Focused diagnostic excerpt; full raw command output remains in worktree build-commerce-*.log.
Command line invocation:
    /Applications/Xcode.app/Contents/Developer/usr/bin/xcodebuild -project Paperloft.xcodeproj -scheme PaperloftApp -configuration Debug -destination platform=macOS -derivedDataPath build/CommerceImplicitDerivedData SWIFT_TREAT_WARNINGS_AS_ERRORS=YES build-for-testing

Build settings from command line:
    SWIFT_TREAT_WARNINGS_AS_ERRORS = YES

Resolve Package Graph


Resolved source packages:
  PaperloftKit: /Users/builder/Factory/paperloft-commerce/Packages/PaperloftKit @ local

16 | 

/Applications/Xcode.app/Contents/Developer/Platforms/MacOSX.platform/Developer/Library/Frameworks/StoreKitTest.framework/Headers/SKTestTransaction.h:34:32: error: 'SKPaymentTransactionState' is deprecated: first deprecated in macOS 15.0 - Use PurchaseResult from Product.purchase(confirmIn:options:).
32 | @property(nonatomic, readonly) NSDate *purchaseDate;
33 | 
34 | @property(nonatomic, readonly) SKPaymentTransactionState state;
   |                                `- error: 'SKPaymentTransactionState' is deprecated: first deprecated in macOS 15.0 - Use PurchaseResult from Product.purchase(confirmIn:options:).
35 | 
36 | @property(nonatomic, readonly) BOOL pendingPriceIncreaseConsent API_AVAILABLE(ios(15.4), macos(12.3), tvos(15.4), watchos(8.5), visionos(1.0)) NS_SWIFT_NAME(isPendingPriceIncreaseConsent);

/Applications/Xcode.app/Contents/Developer/Platforms/MacOSX.platform/Developer/SDKs/MacOSX27.0.sdk/System/Library/Frameworks/StoreKit.framework/Headers/SKPaymentTransaction.h:14:28: note: 'SKPaymentTransactionState' has been explicitly marked deprecated here
12 | @class SKPayment;
13 | 
14 | typedef NS_ENUM(NSInteger, SKPaymentTransactionState) {
   |                            `- note: 'SKPaymentTransactionState' has been explicitly marked deprecated here
15 |     SKPaymentTransactionStatePurchasing,    // Transaction is being added to the server queue.
16 |     SKPaymentTransactionStatePurchased,     // Transaction is in queue, user has been charged.  Client should complete the transaction.

<unknown>:0: error: could not build Objective-C module 'StoreKitTest'
Failed frontend command:
/Applications/Xcode.app/Contents/Developer/Toolchains/XcodeDefault.xctoolchain/usr/bin/swift-frontend -frontend -emit-module -experimental-skip-non-inlinable-function-bodies-without-types /Users/builder/Factory/paperloft-commerce/Tests/PaperloftStoreTests/StoreControllerTests.swift -target arm64-apple-macos27.0 -Xllvm -aarch64-use-tbi -enable-objc-interop -stack-check -sdk /Applications/Xcode.app/Contents/Developer/Platforms/MacOSX.platform/Developer/SDKs/MacOSX27.0.sdk -I /Users/builder/Factory/paperloft-commerce/build/CommerceImplicitDerivedData/Build/Products/Debug -Isystem /Applications/Xcode.app/Contents/Developer/Platforms/MacOSX.platform/Developer/usr/lib -F /Users/builder/Factory/paperloft-commerce/build/CommerceImplicitDerivedData/Build/Products/Debug/PackageFrameworks -F /Users/builder/Factory/paperloft-commerce/build/CommerceImplicitDerivedData/Build/Products/Debug -F /Applications/Xcode.app/Contents/Developer/Platforms/MacOSX.platform/Developer/Library/Frameworks -module-cache-path /Users/builder/Factory/paperloft-commerce/build/CommerceImplicitDerivedData/ModuleCache.noindex -no-color-diagnostics -Xcc -fno-color-diagnostics -enable-testing -g -debug-info-format\=dwarf -dwarf-version\=5 -profile-generate -profile-coverage-mapping -warnings-as-errors -warnings-as-errors -swift-version 6 -Onone -D DEBUG -serialize-debugging-options -enable-experimental-feature DebugDescriptionMacro -empty-abi-descriptor -plugin-path /Applications/Xcode.app/Contents/Developer/Toolchains/XcodeDefault.xctoolchain/usr/lib/swift/host/plugins/testing -validate-clang-modules-once -clang-build-session-file /Users/builder/Factory/paperloft-commerce/build/CommerceImplicitDerivedData/ModuleCache.noindex/Session.modulevalidation -Xcc -working-directory -Xcc /Users/builder/Factory/paperloft-commerce -enable-anonymous-context-mangled-names -file-compilation-dir /Users/builder/Factory/paperloft-commerce -Xcc -ivfsstatcache -Xcc /Users/builder/Factory/paperloft-commerce/build/CommerceImplicitDerivedData/SDKStatCaches.noindex/macosx27.0-26A425-7231f6df4def33e022ae2eb8f782df1a.sdkstatcache -Xcc -fmodules-prune-interval\=86400 -Xcc -fmodules-prune-after\=345600 -Xcc -iquote -Xcc /Users/builder/Factory/paperloft-commerce/build/CommerceImplicitDerivedData/Build/Intermediates.noindex/Paperloft.build/Debug/PaperloftStoreTests.build/PaperloftStoreTests-generated-files.hmap -Xcc -I/Users/builder/Factory/paperloft-commerce/build/CommerceImplicitDerivedData/Build/Intermediates.noindex/Paperloft.build/Debug/PaperloftStoreTests.build/PaperloftStoreTests-own-target-headers.hmap -Xcc -I/Users/builder/Factory/paperloft-commerce/build/CommerceImplicitDerivedData/Build/Intermediates.noindex/Paperloft.build/Debug/PaperloftStoreTests.build/PaperloftStoreTests-all-non-framework-target-headers.hmap -Xcc -ivfsoverlay -Xcc /Users/builder/Factory/paperloft-commerce/build/CommerceImplicitDerivedData/Build/Intermediates.noindex/Paperloft.build/Debug/Paperloft-b93ddc6bcd4d234a5473ab01ad3589c4-VFS/all-product-headers.yaml -Xcc -iquote -Xcc /Users/builder/Factory/paperloft-commerce/build/CommerceImplicitDerivedData/Build/Intermediates.noindex/Paperloft.build/Debug/PaperloftStoreTests.build/PaperloftStoreTests-project-headers.hmap -Xcc -I/Users/builder/Factory/paperloft-commerce/build/CommerceImplicitDerivedData/Build/Products/Debug/include -Xcc -I/Users/builder/Factory/paperloft-commerce/build/CommerceImplicitDerivedData/Build/Intermediates.noindex/Paperloft.build/Debug/PaperloftStoreTests.build/DerivedSources-normal/arm64 -Xcc -I/Users/builder/Factory/paperloft-commerce/build/CommerceImplicitDerivedData/Build/Intermediates.noindex/Paperloft.build/Debug/PaperloftStoreTests.build/DerivedSources/arm64 -Xcc -I/Users/builder/Factory/paperloft-commerce/build/CommerceImplicitDerivedData/Build/Intermediates.noindex/Paperloft.build/Debug/PaperloftStoreTests.build/DerivedSources -no-auto-bridging-header-chaining -module-name PaperloftStoreTests -const-gather-protocols-file /Users/builder/Factory/paperloft-commerce/build/CommerceImplicitDerivedData/Build/Intermediates.noindex/Paperloft.build/Debug/PaperloftStoreTests.build/Objects-normal/arm64/PaperloftStoreTests_const_extract_protocols.json -disable-clang-spi -target-sdk-version 27.0 -target-sdk-name macosx27.0 -external-plugin-path /Applications/Xcode.app/Contents/Developer/Platforms/MacOSX.platform/Developer/usr/lib/swift/host/plugins\#/Applications/Xcode.app/Contents/Developer/Platforms/MacOSX.platform/Developer/usr/bin/swift-plugin-server -external-plugin-path /Applications/Xcode.app/Contents/Developer/Platforms/MacOSX.platform/Developer/usr/local/lib/swift/host/plugins\#/Applications/Xcode.app/Contents/Developer/Platforms/MacOSX.platform/Developer/usr/bin/swift-plugin-server -in-process-plugin-server-path /Applications/Xcode.app/Contents/Developer/Toolchains/XcodeDefault.xctoolchain/usr/lib/swift/host/libSwiftInProcPluginServer.dylib -plugin-path /Applications/Xcode.app/Contents/Developer/Toolchains/XcodeDefault.xctoolchain/usr/lib/swift/host/plugins -plugin-path /Applications/Xcode.app/Contents/Developer/Toolchains/XcodeDefault.xctoolchain/usr/local/lib/swift/host/plugins -emit-module-doc-path /Users/builder/Factory/paperloft-commerce/build/CommerceImplicitDerivedData/Build/Intermediates.noindex/Paperloft.build/Debug/PaperloftStoreTests.build/Objects-normal/arm64/PaperloftStoreTests.swiftdoc -emit-module-source-info-path /Users/builder/Factory/paperloft-commerce/build/CommerceImplicitDerivedData/Build/Intermediates.noindex/Paperloft.build/Debug/PaperloftStoreTests.build/Objects-normal/arm64/PaperloftStoreTests.swiftsourceinfo -emit-objc-header-path /Users/builder/Factory/paperloft-commerce/build/CommerceImplicitDerivedData/Build/Intermediates.noindex/Paperloft.build/Debug/PaperloftStoreTests.build/Objects-normal/arm64/PaperloftStoreTests-Swift.h -serialize-diagnostics-path /Users/builder/Factory/paperloft-commerce/build/CommerceImplicitDerivedData/Build/Intermediates.noindex/Paperloft.build/Debug/PaperloftStoreTests.build/Objects-normal/arm64/PaperloftStoreTests-primary-emit-module.dia -emit-dependencies-path /Users/builder/Factory/paperloft-commerce/build/CommerceImplicitDerivedData/Build/Intermediates.noindex/Paperloft.build/Debug/PaperloftStoreTests.build/Objects-normal/arm64/PaperloftStoreTests-primary-emit-module.d -parse-as-library -o /Users/builder/Factory/paperloft-commerce/build/CommerceImplicitDerivedData/Build/Intermediates.noindex/Paperloft.build/Debug/PaperloftStoreTests.build/Objects-normal/arm64/PaperloftStoreTests.swiftmodule -emit-abi-descriptor-path /Users/builder/Factory/paperloft-commerce/build/CommerceImplicitDerivedData/Build/Intermediates.noindex/Paperloft.build/Debug/PaperloftStoreTests.build/Objects-normal/arm64/PaperloftStoreTests.abi.json
SwiftCompile normal arm64 Compiling\ StoreControllerTests.swift /Users/builder/Factory/paperloft-commerce/Tests/PaperloftStoreTests/StoreControllerTests.swift (in target 'PaperloftStoreTests' from project 'Paperloft')

SwiftCompile normal arm64 /Users/builder/Factory/paperloft-commerce/Tests/PaperloftStoreTests/StoreControllerTests.swift (in target 'PaperloftStoreTests' from project 'Paperloft')
    cd /Users/builder/Factory/paperloft-commerce
    builtin-SwiftPerFileCompile StoreControllerTests.swift

<module-includes>:1:9: note: in file included from <module-includes>:1:
16 | 

/Applications/Xcode.app/Contents/Developer/Platforms/MacOSX.platform/Developer/Library/Frameworks/StoreKitTest.framework/Headers/SKTestTransaction.h:34:32: error: 'SKPaymentTransactionState' is deprecated: first deprecated in macOS 15.0 - Use PurchaseResult from Product.purchase(confirmIn:options:).
32 | @property(nonatomic, readonly) NSDate *purchaseDate;
33 | 
34 | @property(nonatomic, readonly) SKPaymentTransactionState state;
   |                                `- error: 'SKPaymentTransactionState' is deprecated: first deprecated in macOS 15.0 - Use PurchaseResult from Product.purchase(confirmIn:options:).
35 | 
36 | @property(nonatomic, readonly) BOOL pendingPriceIncreaseConsent API_AVAILABLE(ios(15.4), macos(12.3), tvos(15.4), watchos(8.5), visionos(1.0)) NS_SWIFT_NAME(isPendingPriceIncreaseConsent);

/Applications/Xcode.app/Contents/Developer/Platforms/MacOSX.platform/Developer/SDKs/MacOSX27.0.sdk/System/Library/Frameworks/StoreKit.framework/Headers/SKPaymentTransaction.h:14:28: note: 'SKPaymentTransactionState' has been explicitly marked deprecated here
12 | @class SKPayment;
13 | 
14 | typedef NS_ENUM(NSInteger, SKPaymentTransactionState) {
   |                            `- note: 'SKPaymentTransactionState' has been explicitly marked deprecated here
15 |     SKPaymentTransactionStatePurchasing,    // Transaction is being added to the server queue.
16 |     SKPaymentTransactionStatePurchased,     // Transaction is in queue, user has been charged.  Client should complete the transaction.

<unknown>:0: error: could not build Objective-C module 'StoreKitTest'
SwiftDriverJobDiscovery normal arm64 Compiling ValidationTests.swift (in target 'PaperloftKitTests' from project 'Paperloft')

SwiftDriverJobDiscovery normal arm64 Compiling ResilienceTests.swift (in target 'PaperloftKitTests' from project 'Paperloft')

SwiftDriverJobDiscovery normal arm64 Compiling UnderstandingQuotaTests.swift (in target 'PaperloftKitTests' from project 'Paperloft')

SwiftDriver\ Compilation PaperloftKitTests normal arm64 com.apple.xcode.tools.swift.compiler (in target 'PaperloftKitTests' from project 'Paperloft')
    cd /Users/builder/Factory/paperloft-commerce
    builtin-Swift-Compilation -- /Applications/Xcode.app/Contents/Developer/Toolchains/XcodeDefault.xctoolchain/usr/bin/swiftc -module-name PaperloftKitTests -Onone @/Users/builder/Factory/paperloft-commerce/build/CommerceImplicitDerivedData/Build/Intermediates.noindex/Paperloft.build/Debug/PaperloftKitTests.build/Objects-normal/arm64/PaperloftKitTests.SwiftFileList -DDEBUG -plugin-path /Applications/Xcode.app/Contents/Developer/Toolchains/XcodeDefault.xctoolchain/usr/lib/swift/host/plugins/testing -enable-experimental-feature DebugDescriptionMacro -sdk /Applications/Xcode.app/Contents/Developer/Platforms/MacOSX.platform/Developer/SDKs/MacOSX27.0.sdk -target arm64-apple-macos27.0 -g -module-cache-path /Users/builder/Factory/paperloft-commerce/build/CommerceImplicitDerivedData/ModuleCache.noindex -Xfrontend -serialize-debugging-options -profile-coverage-mapping -profile-generate -enable-testing -warnings-as-errors -index-store-path /Users/builder/Factory/paperloft-commerce/build/CommerceImplicitDerivedData/Index.noindex/DataStore -swift-version 6 -I /Users/builder/Factory/paperloft-commerce/build/CommerceImplicitDerivedData/Build/Products/Debug -Isystem /Applications/Xcode.app/Contents/Developer/Platforms/MacOSX.platform/Developer/usr/lib -F /Users/builder/Factory/paperloft-commerce/build/CommerceImplicitDerivedData/Build/Products/Debug/PackageFrameworks -F /Users/builder/Factory/paperloft-commerce/build/CommerceImplicitDerivedData/Build/Products/Debug -F /Applications/Xcode.app/Contents/Developer/Platforms/MacOSX.platform/Developer/Library/Frameworks -c -j10 -enable-batch-mode -incremental -Xcc -ivfsstatcache -Xcc /Users/builder/Factory/paperloft-commerce/build/CommerceImplicitDerivedData/SDKStatCaches.noindex/macosx27.0-26A425-7231f6df4def33e022ae2eb8f782df1a.sdkstatcache -output-file-map /Users/builder/Factory/paperloft-commerce/build/CommerceImplicitDerivedData/Build/Intermediates.noindex/Paperloft.build/Debug/PaperloftKitTests.build/Objects-normal/arm64/PaperloftKitTests-OutputFileMap.json -save-temps -no-color-diagnostics -explicit-module-build -module-cache-path /Users/builder/Factory/paperloft-commerce/build/CommerceImplicitDerivedData/Build/Intermediates.noindex/SwiftExplicitPrecompiledModules -clang-scanner-module-cache-path /Users/builder/Factory/paperloft-commerce/build/CommerceImplicitDerivedData/ModuleCache.noindex -sdk-module-cache-path /Users/builder/Factory/paperloft-commerce/build/CommerceImplicitDerivedData/SDKExplicitPrecompiledModules -emit-dependencies -emit-module -emit-module-path /Users/builder/Factory/paperloft-commerce/build/CommerceImplicitDerivedData/Build/Intermediates.noindex/Paperloft.build/Debug/PaperloftKitTests.build/Objects-normal/arm64/PaperloftKitTests.swiftmodule -serialize-diagnostics -dependency-scan-serialize-diagnostics-path /Users/builder/Factory/paperloft-commerce/build/CommerceImplicitDerivedData/Build/Intermediates.noindex/Paperloft.build/Debug/PaperloftKitTests.build/Objects-normal/arm64/PaperloftKitTests-dependency-scan.dia -validate-clang-modules-once -clang-build-session-file /Users/builder/Factory/paperloft-commerce/build/CommerceImplicitDerivedData/ModuleCache.noindex/Session.modulevalidation -Xcc -fmodules-prune-interval\=86400 -Xcc -fmodules-prune-after\=345600 -emit-const-values -const-gather-protocols-list /Users/builder/Factory/paperloft-commerce/build/CommerceImplicitDerivedData/Build/Intermediates.noindex/Paperloft.build/Debug/PaperloftKitTests.build/Objects-normal/arm64/PaperloftKitTests_const_extract_protocols.json -Xcc -iquote -Xcc /Users/builder/Factory/paperloft-commerce/build/CommerceImplicitDerivedData/Build/Intermediates.noindex/Paperloft.build/Debug/PaperloftKitTests.build/PaperloftKitTests-generated-files.hmap -Xcc -I/Users/builder/Factory/paperloft-commerce/build/CommerceImplicitDerivedData/Build/Intermediates.noindex/Paperloft.build/Debug/PaperloftKitTests.build/PaperloftKitTests-own-target-headers.hmap -Xcc -I/Users/builder/Factory/paperloft-commerce/build/CommerceImplicitDerivedData/Build/Intermediates.noindex/Paperloft.build/Debug/PaperloftKitTests.build/PaperloftKitTests-all-non-framework-target-headers.hmap -Xcc -ivfsoverlay -Xcc /Users/builder/Factory/paperloft-commerce/build/CommerceImplicitDerivedData/Build/Intermediates.noindex/Paperloft.build/Debug/Paperloft-b93ddc6bcd4d234a5473ab01ad3589c4-VFS/all-product-headers.yaml -Xcc -iquote -Xcc /Users/builder/Factory/paperloft-commerce/build/CommerceImplicitDerivedData/Build/Intermediates.noindex/Paperloft.build/Debug/PaperloftKitTests.build/PaperloftKitTests-project-headers.hmap -Xcc -I/Users/builder/Factory/paperloft-commerce/build/CommerceImplicitDerivedData/Build/Products/Debug/include -Xcc -I/Users/builder/Factory/paperloft-commerce/build/CommerceImplicitDerivedData/Build/Intermediates.noindex/Paperloft.build/Debug/PaperloftKitTests.build/DerivedSources-normal/arm64 -Xcc -I/Users/builder/Factory/paperloft-commerce/build/CommerceImplicitDerivedData/Build/Intermediates.noindex/Paperloft.build/Debug/PaperloftKitTests.build/DerivedSources/arm64 -Xcc -I/Users/builder/Factory/paperloft-commerce/build/CommerceImplicitDerivedData/Build/Intermediates.noindex/Paperloft.build/Debug/PaperloftKitTests.build/DerivedSources -emit-objc-header -emit-objc-header-path /Users/builder/Factory/paperloft-commerce/build/CommerceImplicitDerivedData/Build/Intermediates.noindex/Paperloft.build/Debug/PaperloftKitTests.build/Objects-normal/arm64/PaperloftKitTests-Swift.h -working-directory /Users/builder/Factory/paperloft-commerce -experimental-emit-module-separately -disable-cmo
PruneExplicitPrecompiledModules /Users/builder/Factory/paperloft-commerce/build/CommerceImplicitDerivedData/Build/Intermediates.noindex/SwiftExplicitPrecompiledModules

PruneExplicitPrecompiledModules /Users/builder/Factory/paperloft-commerce/build/CommerceImplicitDerivedData/SDKExplicitPrecompiledModules

** TEST BUILD FAILED **


The following build commands failed:
	SwiftCompile normal arm64 (in target 'PaperloftStoreTests' from project 'Paperloft')
	SwiftEmitModule normal arm64 Emitting\ module\ for\ PaperloftStoreTests (in target 'PaperloftStoreTests' from project 'Paperloft')
	Building project Paperloft for testing with scheme PaperloftApp
(3 failures)
