Exported 26 attachments for: CoreFlowTests/testInvalidAmountCannotFileAndSetAsideAdvancesInbox():
File: 80DA6343-769B-48E0-B147-5D40B2EC43C0, suggested name: "UI Snapshot 2026-10-02 at 12.21.13 AM"
File: 9ACFADE8-4A0B-499A-BB8B-AC363C665919, suggested name: "Synthesized Event 2026-10-02 at 12.21.24 AM"
File: EC2C3B14-C601-473F-A948-9514D5E6C8DD, suggested name: "UI Snapshot 2026-10-02 at 12.21.13 AM"
File: E5E2452C-2B32-42FE-9571-0ECBEC0BC29C, suggested name: "Synthesized Event 2026-10-02 at 12.21.13 AM"
File: 3922DBFD-FE70-4B54-9982-343393BB7B21, suggested name: "UI Snapshot 2026-10-02 at 12.21.12 AM"
File: 18A43ABD-0EC1-4A5F-B543-0093EBF1848B, suggested name: "Synthesized Event 2026-10-02 at 12.21.13 AM"
File: 34E72F64-1422-4050-822E-03AD044BDD5D, suggested name: "UI Snapshot 2026-10-02 at 12.21.09 AM"
File: F04B4516-FCD1-4C52-B4DF-64CF56CB5E5C, suggested name: "Synthesized Event 2026-10-02 at 12.21.11 AM"
File: 47D096BD-F913-4279-AFAE-8125E6905D0A, suggested name: "UI Snapshot 2026-10-02 at 12.21.10 AM"
File: 291D842A-34CD-4BAC-9737-FA3B8AE5B14A, suggested name: "Synthesized Event 2026-10-02 at 12.21.10 AM"
File: 0FA613D0-3487-4554-B12B-E9601A471769, suggested name: "UI Snapshot 2026-10-02 at 12.21.09 AM"
File: AAFB6322-A09F-465C-9156-708E295742F1, suggested name: "Synthesized Event 2026-10-02 at 12.21.09 AM"
File: 876899D0-42BF-44CE-AB4D-ACAF78C19CE4, suggested name: "UI Snapshot 2026-10-02 at 12.21.07 AM"
File: 8D222A85-60F1-4388-9B26-9DE148D70305, suggested name: "Synthesized Event 2026-10-02 at 12.21.07 AM"
File: 6B307853-34F7-489F-9A58-CB2569BCAAE9, suggested name: "UI Snapshot 2026-10-02 at 12.21.06 AM"
File: DA7D7D7B-2D7D-4578-A3D9-1E5C3E22A547, suggested name: "Synthesized Event 2026-10-02 at 12.21.06 AM"
File: 56CC2D5F-1B0A-4D4D-845D-F6B7C5094C14, suggested name: "UI Snapshot 2026-10-02 at 12.21.05 AM"
File: C33A7033-2E98-4148-98E5-F358D4E69EC1, suggested name: "Synthesized Event 2026-10-02 at 12.21.06 AM"
File: 1F3BA0A5-7B87-4DC1-8171-7C2F52AC3204, suggested name: "UI Snapshot 2026-10-02 at 12.21.04 AM"
File: E9DF2653-537C-414B-AD4B-B88FBD7A53F8, suggested name: "Synthesized Event 2026-10-02 at 12.21.04 AM"
File: CE21C264-8CCB-4554-B357-887B7906AF96, suggested name: "Synthesized Event 2026-10-02 at 12.21.03 AM"
File: F6B436EA-1953-492C-B84A-0554FF5239C7, suggested name: "Synthesized Event 2026-10-02 at 12.21.03 AM"
File: 4A87D369-26FA-4FA4-A3DC-A227AA3CC8B4, suggested name: "Synthesized Event 2026-10-02 at 12.21.01 AM"
File: 92CA0A85-66D0-4482-A38F-0D2523446EDF, suggested name: "Synthesized Event 2026-10-02 at 12.21.01 AM"
File: EF57574A-7395-478E-99FA-02AB8E4B444D, suggested name: "Synthesized Event 2026-10-02 at 12.20.59 AM"
File: 81E2A1D2-286B-451B-8959-484B7FE5267A.mp4, suggested name: "Screen Recording 2026-10-02 at 12.20.54 AM.mp4"

Generated manifest file with attachment details: /Users/builder/Factory/paperloft/evidence/verifier-P4-20261002-001001/attachments-failure/manifest.json
