Command line invocation:
    /Applications/Xcode.app/Contents/Developer/usr/bin/xcodebuild -project Paperloft.xcodeproj -scheme PaperloftPerformanceParser -destination platform=macOS -derivedDataPath build/PerformanceDerivedData -configuration QA ENABLE_TESTABILITY=YES SWIFT_TREAT_WARNINGS_AS_ERRORS=YES -parallel-testing-enabled NO -resultBundlePath build/Performance-parser-20260927T075752Z.xcresult test

Build settings from command line:
    ENABLE_TESTABILITY = YES
    SWIFT_TREAT_WARNINGS_AS_ERRORS = YES

Resolve Package Graph


Resolved source packages:
  PaperloftKit: /Users/builder/Factory/paperloft-performance/Packages/PaperloftKit @ local

Writing result bundle at path:
	/Users/builder/Factory/paperloft-performance/build/Performance-parser-20260927T075752Z.xcresult

ComputePackagePrebuildTargetDependencyGraph

Prepare packages

CreateBuildRequest

SendProjectDescription

CreateBuildOperation

ComputeTargetDependencyGraph
note: Building targets in dependency order
note: Target dependency graph (4 targets)
    Target 'PaperloftPerformanceTests' in project 'Paperloft'
        ➜ Explicit dependency on target 'PaperloftApp' in project 'Paperloft'
        ➜ Explicit dependency on target 'PaperloftKit-product' in project 'PaperloftKit'
    Target 'PaperloftApp' in project 'Paperloft'
        ➜ Explicit dependency on target 'PaperloftKit-product' in project 'PaperloftKit'
    Target 'PaperloftKit-product' in project 'PaperloftKit'
        ➜ Explicit dependency on target 'PaperloftKit' in project 'PaperloftKit'
    Target 'PaperloftKit' in project 'PaperloftKit' (no dependencies)

GatherProvisioningInputs

CreateBuildDescription

ExecuteExternalTool /Applications/Xcode.app/Contents/Developer/Toolchains/XcodeDefault.xctoolchain/usr/bin/swiftc --version

ExecuteExternalTool /Applications/Xcode.app/Contents/Developer/usr/bin/actool --version --output-format xml1

ExecuteExternalTool /Applications/Xcode.app/Contents/Developer/Toolchains/XcodeDefault.xctoolchain/usr/bin/clang -v -E -dM -isysroot /Applications/Xcode.app/Contents/Developer/Platforms/MacOSX.platform/Developer/SDKs/MacOSX27.0.sdk -x c -c /dev/null

ExecuteExternalTool /Applications/Xcode.app/Contents/Developer/Toolchains/XcodeDefault.xctoolchain/usr/bin/ld -version_details

Build description signature: 2330de3651be5f4d050390320e5abcaf
Build description path: /Users/builder/Factory/paperloft-performance/build/PerformanceDerivedData/Build/Intermediates.noindex/XCBuildData/2330de3651be5f4d050390320e5abcaf.xcbuilddata
ClangStatCache /Applications/Xcode.app/Contents/Developer/Toolchains/XcodeDefault.xctoolchain/usr/bin/clang-stat-cache /Applications/Xcode.app/Contents/Developer/Platforms/MacOSX.platform/Developer/SDKs/MacOSX27.0.sdk /Users/builder/Factory/paperloft-performance/build/PerformanceDerivedData/SDKStatCaches.noindex/macosx27.0-26A425-7231f6df4def33e022ae2eb8f782df1a.sdkstatcache
    cd /Users/builder/Factory/paperloft-performance/Paperloft.xcodeproj
    /Applications/Xcode.app/Contents/Developer/Toolchains/XcodeDefault.xctoolchain/usr/bin/clang-stat-cache /Applications/Xcode.app/Contents/Developer/Platforms/MacOSX.platform/Developer/SDKs/MacOSX27.0.sdk -o /Users/builder/Factory/paperloft-performance/build/PerformanceDerivedData/SDKStatCaches.noindex/macosx27.0-26A425-7231f6df4def33e022ae2eb8f782df1a.sdkstatcache

ProcessInfoPlistFile /Users/builder/Factory/paperloft-performance/build/PerformanceDerivedData/Build/Products/QA/PackageFrameworks/PaperloftKit_5CD798059AF8BAE1_PackageProduct.framework/Versions/A/Resources/Info.plist /Users/builder/Factory/paperloft-performance/build/PerformanceDerivedData/Build/Intermediates.noindex/PaperloftKit.build/QA/PaperloftKit-product-t.build/empty-PaperloftKit_5CD798059AF8BAE1_PackageProduct.plist (in target 'PaperloftKitdynamic-product' from project 'PaperloftKit')
    cd /Users/builder/Factory/paperloft-performance/Packages/PaperloftKit
    builtin-infoPlistUtility /Users/builder/Factory/paperloft-performance/build/PerformanceDerivedData/Build/Intermediates.noindex/PaperloftKit.build/QA/PaperloftKit-product-t.build/empty-PaperloftKit_5CD798059AF8BAE1_PackageProduct.plist -producttype com.apple.product-type.framework -expandbuildsettings -platform macosx -o /Users/builder/Factory/paperloft-performance/build/PerformanceDerivedData/Build/Products/QA/PackageFrameworks/PaperloftKit_5CD798059AF8BAE1_PackageProduct.framework/Versions/A/Resources/Info.plist

ProcessInfoPlistFile /Users/builder/Factory/paperloft-performance/build/PerformanceDerivedData/Build/Products/QA/Paperloft\ Receipts.app/Contents/Info.plist /Users/builder/Factory/paperloft-performance/Configuration/Info.plist (in target 'PaperloftApp' from project 'Paperloft')
    cd /Users/builder/Factory/paperloft-performance
    builtin-infoPlistUtility /Users/builder/Factory/paperloft-performance/Configuration/Info.plist -producttype com.apple.product-type.application -genpkginfo /Users/builder/Factory/paperloft-performance/build/PerformanceDerivedData/Build/Products/QA/Paperloft\ Receipts.app/Contents/PkgInfo -expandbuildsettings -platform macosx -additionalcontentfile /Users/builder/Factory/paperloft-performance/build/PerformanceDerivedData/Build/Intermediates.noindex/Paperloft.build/QA/PaperloftApp.build/assetcatalog_generated_info.plist -scanforprivacyfile /Users/builder/Factory/paperloft-performance/build/PerformanceDerivedData/Build/Products/QA/Paperloft\ Receipts.app/Contents/Frameworks/PaperloftKit_5CD798059AF8BAE1_PackageProduct.framework -o /Users/builder/Factory/paperloft-performance/build/PerformanceDerivedData/Build/Products/QA/Paperloft\ Receipts.app/Contents/Info.plist

CopySwiftLibs /Users/builder/Factory/paperloft-performance/build/PerformanceDerivedData/Build/Products/QA/Paperloft\ Receipts.app (in target 'PaperloftApp' from project 'Paperloft')
    cd /Users/builder/Factory/paperloft-performance
    builtin-swiftStdLibTool --copy --verbose --sign - --scan-executable /Users/builder/Factory/paperloft-performance/build/PerformanceDerivedData/Build/Products/QA/Paperloft\ Receipts.app/Contents/MacOS/Paperloft\ Receipts --scan-folder /Users/builder/Factory/paperloft-performance/build/PerformanceDerivedData/Build/Products/QA/Paperloft\ Receipts.app/Contents/Frameworks --scan-folder /Users/builder/Factory/paperloft-performance/build/PerformanceDerivedData/Build/Products/QA/Paperloft\ Receipts.app/Contents/PlugIns --scan-folder /Users/builder/Factory/paperloft-performance/build/PerformanceDerivedData/Build/Products/QA/Paperloft\ Receipts.app/Contents/Library/SystemExtensions --scan-folder /Users/builder/Factory/paperloft-performance/build/PerformanceDerivedData/Build/Products/QA/Paperloft\ Receipts.app/Contents/Extensions --scan-folder /Users/builder/Factory/paperloft-performance/build/PerformanceDerivedData/Build/Products/QA/PackageFrameworks/PaperloftKit_5CD798059AF8BAE1_PackageProduct.framework --platform macosx --toolchain /Applications/Xcode.app/Contents/Developer/Toolchains/XcodeDefault.xctoolchain --destination /Users/builder/Factory/paperloft-performance/build/PerformanceDerivedData/Build/Products/QA/Paperloft\ Receipts.app/Contents/Frameworks --strip-bitcode --strip-bitcode-tool /Applications/Xcode.app/Contents/Developer/Toolchains/XcodeDefault.xctoolchain/usr/bin/bitcode_strip --emit-dependency-info /Users/builder/Factory/paperloft-performance/build/PerformanceDerivedData/Build/Intermediates.noindex/Paperloft.build/QA/PaperloftApp.build/SwiftStdLibToolInputDependencies.dep --filter-for-swift-os

CpResource /Users/builder/Factory/paperloft-performance/build/PerformanceDerivedData/Build/Products/QA/Paperloft\ Receipts.app/Contents/PlugIns/PaperloftPerformanceTests.xctest/Contents/Resources/PerformanceFixtures /Users/builder/Factory/paperloft-performance/build/PerformanceFixtures (in target 'PaperloftPerformanceTests' from project 'Paperloft')
    cd /Users/builder/Factory/paperloft-performance
    builtin-copy -exclude .DS_Store -exclude CVS -exclude .svn -exclude .git -exclude .hg -strip-unsigned-binaries -strip-deterministic -strip-tool /Applications/Xcode.app/Contents/Developer/Toolchains/XcodeDefault.xctoolchain/usr/bin/strip -resolve-src-symlinks /Users/builder/Factory/paperloft-performance/build/PerformanceFixtures /Users/builder/Factory/paperloft-performance/build/PerformanceDerivedData/Build/Products/QA/Paperloft\ Receipts.app/Contents/PlugIns/PaperloftPerformanceTests.xctest/Contents/Resources

CodeSign /Users/builder/Factory/paperloft-performance/build/PerformanceDerivedData/Build/Products/QA/Paperloft\ Receipts.app/Contents/PlugIns/PaperloftPerformanceTests.xctest/Contents/Frameworks/PaperloftKit_5CD798059AF8BAE1_PackageProduct.framework/Versions/A (in target 'PaperloftPerformanceTests' from project 'Paperloft')
    cd /Users/builder/Factory/paperloft-performance
    
    Signing Identity:     "Sign to Run Locally"
    
    /usr/bin/codesign --force --sign - --timestamp\=none --preserve-metadata\=identifier,entitlements,flags --generate-entitlement-der /Users/builder/Factory/paperloft-performance/build/PerformanceDerivedData/Build/Products/QA/Paperloft\ Receipts.app/Contents/PlugIns/PaperloftPerformanceTests.xctest/Contents/Frameworks/PaperloftKit_5CD798059AF8BAE1_PackageProduct.framework/Versions/A
/Users/builder/Factory/paperloft-performance/build/PerformanceDerivedData/Build/Products/QA/Paperloft Receipts.app/Contents/PlugIns/PaperloftPerformanceTests.xctest/Contents/Frameworks/PaperloftKit_5CD798059AF8BAE1_PackageProduct.framework/Versions/A: replacing existing signature

ProcessInfoPlistFile /Users/builder/Factory/paperloft-performance/build/PerformanceDerivedData/Build/Products/QA/Paperloft\ Receipts.app/Contents/PlugIns/PaperloftPerformanceTests.xctest/Contents/Info.plist /Users/builder/Factory/paperloft-performance/build/PerformanceDerivedData/Build/Intermediates.noindex/Paperloft.build/QA/PaperloftPerformanceTests.build/empty-PaperloftPerformanceTests.plist (in target 'PaperloftPerformanceTests' from project 'Paperloft')
    cd /Users/builder/Factory/paperloft-performance
    builtin-infoPlistUtility /Users/builder/Factory/paperloft-performance/build/PerformanceDerivedData/Build/Intermediates.noindex/Paperloft.build/QA/PaperloftPerformanceTests.build/empty-PaperloftPerformanceTests.plist -producttype com.apple.product-type.bundle.unit-test -expandbuildsettings -platform macosx -o /Users/builder/Factory/paperloft-performance/build/PerformanceDerivedData/Build/Products/QA/Paperloft\ Receipts.app/Contents/PlugIns/PaperloftPerformanceTests.xctest/Contents/Info.plist

CodeSign /Users/builder/Factory/paperloft-performance/build/PerformanceDerivedData/Build/Products/QA/Paperloft\ Receipts.app/Contents/PlugIns/PaperloftPerformanceTests.xctest (in target 'PaperloftPerformanceTests' from project 'Paperloft')
    cd /Users/builder/Factory/paperloft-performance
    
    Signing Identity:     "Sign to Run Locally"
    
    /usr/bin/codesign --force --sign - --timestamp\=none --generate-entitlement-der /Users/builder/Factory/paperloft-performance/build/PerformanceDerivedData/Build/Products/QA/Paperloft\ Receipts.app/Contents/PlugIns/PaperloftPerformanceTests.xctest
/Users/builder/Factory/paperloft-performance/build/PerformanceDerivedData/Build/Products/QA/Paperloft Receipts.app/Contents/PlugIns/PaperloftPerformanceTests.xctest: replacing existing signature

CodeSign /Users/builder/Factory/paperloft-performance/build/PerformanceDerivedData/Build/Products/QA/Paperloft\ Receipts.app (in target 'PaperloftApp' from project 'Paperloft')
    cd /Users/builder/Factory/paperloft-performance
    
    Signing Identity:     "Sign to Run Locally"
    
    /usr/bin/codesign --force --sign - --entitlements /Users/builder/Factory/paperloft-performance/build/PerformanceDerivedData/Build/Intermediates.noindex/Paperloft.build/QA/PaperloftApp.build/Paperloft\ Receipts.app.xcent --timestamp\=none --generate-entitlement-der /Users/builder/Factory/paperloft-performance/build/PerformanceDerivedData/Build/Products/QA/Paperloft\ Receipts.app
/Users/builder/Factory/paperloft-performance/build/PerformanceDerivedData/Build/Products/QA/Paperloft Receipts.app: replacing existing signature

Validate /Users/builder/Factory/paperloft-performance/build/PerformanceDerivedData/Build/Products/QA/Paperloft\ Receipts.app (in target 'PaperloftApp' from project 'Paperloft')
    cd /Users/builder/Factory/paperloft-performance
    builtin-validationUtility /Users/builder/Factory/paperloft-performance/build/PerformanceDerivedData/Build/Products/QA/Paperloft\ Receipts.app -no-validate-extension -infoplist-subpath Contents/Info.plist

RegisterWithLaunchServices /Users/builder/Factory/paperloft-performance/build/PerformanceDerivedData/Build/Products/QA/Paperloft\ Receipts.app (in target 'PaperloftApp' from project 'Paperloft')
    cd /Users/builder/Factory/paperloft-performance
    builtin-lsregisterurl --record-path /Users/builder/Factory/paperloft-performance/build/PerformanceDerivedData/Build/Intermediates.noindex/XCBuildData/registered-launchservices.txt -- /System/Library/Frameworks/CoreServices.framework/Versions/Current/Frameworks/LaunchServices.framework/Versions/Current/Support/lsregister -f -R -trusted /Users/builder/Factory/paperloft-performance/build/PerformanceDerivedData/Build/Products/QA/Paperloft\ Receipts.app

PruneExplicitPrecompiledModules /Users/builder/Factory/paperloft-performance/build/PerformanceDerivedData/Build/Intermediates.noindex/SwiftExplicitPrecompiledModules

PruneExplicitPrecompiledModules /Users/builder/Factory/paperloft-performance/build/PerformanceDerivedData/Build/Intermediates.noindex/ExplicitPrecompiledModules

PruneExplicitPrecompiledModules /Users/builder/Factory/paperloft-performance/build/PerformanceDerivedData/SDKExplicitPrecompiledModules

2026-09-27 00:58:02.850272-0700 Paperloft Receipts[19833:1506488] [Connection] Unable to get synchronousRemoteObjectProxy, error: Error Domain=NSCocoaErrorDomain Code=4097 "connection to service named com.apple.linkd.autoShortcut" UserInfo={NSDebugDescription=connection to service named com.apple.linkd.autoShortcut}
2026-09-27 00:58:02.850542-0700 Paperloft Receipts[19833:1506488] [Application] Error registering app with intents framework: Error Domain=NSCocoaErrorDomain Code=4097 "connection to service named com.apple.linkd.autoShortcut" UserInfo={NSDebugDescription=connection to service named com.apple.linkd.autoShortcut}
2026-09-27 00:58:02.851612-0700 Paperloft Receipts[19833:1506495] [Connection] Unable to get synchronousRemoteObjectProxy, error: Error Domain=NSCocoaErrorDomain Code=4097 "connection to service named com.apple.linkd.autoShortcut" UserInfo={NSDebugDescription=connection to service named com.apple.linkd.autoShortcut}
2026-09-27 00:58:02.851638-0700 Paperloft Receipts[19833:1506495] [Connection] Unable to re-register with Process Instance Registry, error: Error Domain=NSCocoaErrorDomain Code=4097 "connection to service named com.apple.linkd.autoShortcut" UserInfo={NSDebugDescription=connection to service named com.apple.linkd.autoShortcut}
2026-09-27 00:58:02.852829-0700 Paperloft Receipts[19833:1506488] [Connection] Unable to get synchronousRemoteObjectProxy, error: Error Domain=NSCocoaErrorDomain Code=4097 "connection to service named com.apple.linkd.autoShortcut" UserInfo={NSDebugDescription=connection to service named com.apple.linkd.autoShortcut}
2026-09-27 00:58:02.852850-0700 Paperloft Receipts[19833:1506488] [Connection] Unable to re-register with Process Instance Registry, error: Error Domain=NSCocoaErrorDomain Code=4097 "connection to service named com.apple.linkd.autoShortcut" UserInfo={NSDebugDescription=connection to service named com.apple.linkd.autoShortcut}
2026-09-27 00:58:02.854323-0700 Paperloft Receipts[19833:1506488] [Connection] Will NOT re-try to establish the connection
2026-09-27 00:58:02.854392-0700 Paperloft Receipts[19833:1506491] [Connection] Unable to get synchronousRemoteObjectProxy, error: Error Domain=NSCocoaErrorDomain Code=4097 "connection to service named com.apple.linkd.autoShortcut" UserInfo={NSDebugDescription=connection to service named com.apple.linkd.autoShortcut}
2026-09-27 00:58:02.854412-0700 Paperloft Receipts[19833:1506491] [Connection] Unable to re-register with Process Instance Registry, error: Error Domain=NSCocoaErrorDomain Code=4097 "connection to service named com.apple.linkd.autoShortcut" UserInfo={NSDebugDescription=connection to service named com.apple.linkd.autoShortcut}
2026-09-27 00:58:02.958427-0700 Paperloft Receipts[19833:1506456] ApplePersistenceIgnoreState: Existing state will not be touched. New state will be written to /Users/builder/Library/Containers/app.paperloft.receipts/Data/tmp/app.paperloft.receipts.savedState
2026-09-27 00:58:03.536588-0700 Paperloft Receipts[19833:1506545] [e5rt] Unable to find a valid E5 in provided path /System/Library/PrivateFrameworks/TextRecognition.framework/Resources/cr_td_model_v3_e5.mlmodelc.bundle/. Found bundles : { }. Expected : { H13S.bundle H13C.bundle H13G.bundle H13D.bundle H13.bundle H13P.bundle universal.bundle jit.bundle }. @ GetE5PathFromCompositeBundle
2026-09-27 00:58:03.536930-0700 Paperloft Receipts[19833:1506488] [e5rt] Unable to find a valid E5 in provided path /System/Library/PrivateFrameworks/TextRecognition.framework/Resources/cr_orientation_model_v1_e5.mlmodelc.bundle/. Found bundles : { }. Expected : { H13S.bundle H13C.bundle H13G.bundle H13D.bundle H13.bundle H13P.bundle universal.bundle jit.bundle }. @ GetE5PathFromCompositeBundle
2026-09-27 00:58:03.578418-0700 Paperloft Receipts[19833:1506487] [Common] Unable to obtain a task name port right for pid 225: (os/kern) failure (0x5)
2026-09-27 00:58:03.700924-0700 Paperloft Receipts[19833:1506495] [e5rt] Unable to find a valid E5 in provided path /System/Library/PrivateFrameworks/TextRecognition.framework/Resources/cr_tr_model_latincyrillic_v3_e5.mlmodelc.bundle/. Found bundles : { }. Expected : { H13S.bundle H13C.bundle H13G.bundle H13D.bundle H13.bundle H13P.bundle universal.bundle jit.bundle }. @ GetE5PathFromCompositeBundle
Test Suite 'All tests' started at 2026-09-27 00:58:03.703.
Test Suite 'PaperloftPerformanceTests.xctest' started at 2026-09-27 00:58:03.704.
Test Suite 'PipelinePerformanceTests' started at 2026-09-27 00:58:03.704.
Test Case '-[PaperloftPerformanceTests.PipelinePerformanceTests test100MixedDocuments]' started.
2026-09-27 00:58:03.874666-0700 Paperloft Receipts[19833:1506456] [WarnOnce] It's not legal to call -layoutSubtreeIfNeeded on a view which is already being laid out.  If you are implementing the view's -layout method, you can call -[super layout] instead.  Break on void _NSDetectedLayoutRecursion(void) to debug.  This will be logged only once.  This may break in the future.
/Users/builder/Factory/paperloft-performance/Tests/PaperloftPerformanceTests/PipelinePerformanceTests.swift:130: warning: -[PaperloftPerformanceTests.PipelinePerformanceTests test100MixedDocuments] : [Internal] Thread running at User-interactive quality-of-service class waiting on a lower QoS thread running at Default quality-of-service class. Investigate ways to avoid priority inversions
PERFORMANCE_SETUP clearing temporary inbox records: 105
2026-09-27 00:58:04.498118-0700 Paperloft Receipts[19833:1506670] [Paperloft Receipts] createThumbnailAtIndex:2615: *** ERROR: kCGImageSourceThumbnailMaxPixelSize: 3000 is larger than image-dimension: 830x1018
2026-09-27 00:58:04.643968-0700 Paperloft Receipts[19833:1506487] [e5rt] Unable to find a valid E5 in provided path /System/Library/PrivateFrameworks/TextRecognition.framework/Resources/cr_td_model_v3_e5.mlmodelc.bundle/. Found bundles : { }. Expected : { H13S.bundle H13C.bundle H13G.bundle H13D.bundle H13.bundle H13P.bundle universal.bundle jit.bundle }. @ GetE5PathFromCompositeBundle
2026-09-27 00:58:04.644106-0700 Paperloft Receipts[19833:1506670] [e5rt] Unable to find a valid E5 in provided path /System/Library/PrivateFrameworks/TextRecognition.framework/Resources/cr_tr_model_latincyrillic_v3_e5.mlmodelc.bundle/. Found bundles : { }. Expected : { H13S.bundle H13C.bundle H13G.bundle H13D.bundle H13.bundle H13P.bundle universal.bundle jit.bundle }. @ GetE5PathFromCompositeBundle
2026-09-27 00:58:04.648034-0700 Paperloft Receipts[19833:1506541] [e5rt] Unable to find a valid E5 in provided path /System/Library/PrivateFrameworks/TextRecognition.framework/Resources/cr_orientation_model_v1_e5.mlmodelc.bundle/. Found bundles : { }. Expected : { H13S.bundle H13C.bundle H13G.bundle H13D.bundle H13.bundle H13P.bundle universal.bundle jit.bundle }. @ GetE5PathFromCompositeBundle
2026-09-27 00:58:04.896879-0700 Paperloft Receipts[19833:1506545] [Paperloft Receipts] createThumbnailAtIndex:2615: *** ERROR: kCGImageSourceThumbnailMaxPixelSize: 1800 is larger than image-dimension: 830x1018
2026-09-27 00:58:04.957071-0700 Paperloft Receipts[19833:1506488] [Paperloft Receipts] createThumbnailAtIndex:2615: *** ERROR: kCGImageSourceThumbnailMaxPixelSize: 1800 is larger than image-dimension: 830x1018
2026-09-27 00:58:05.057584-0700 Paperloft Receipts[19833:1506487] [Paperloft Receipts] createThumbnailAtIndex:2615: *** ERROR: kCGImageSourceThumbnailMaxPixelSize: 1800 is larger than image-dimension: 830x1018
2026-09-27 00:58:05.068753-0700 Paperloft Receipts[19833:1506543] [Paperloft Receipts] createThumbnailAtIndex:2615: *** ERROR: kCGImageSourceThumbnailMaxPixelSize: 1800 is larger than image-dimension: 830x1018
2026-09-27 00:58:06.473923-0700 Paperloft Receipts[19833:1506890] [Paperloft Receipts] createThumbnailAtIndex:2615: *** ERROR: kCGImageSourceThumbnailMaxPixelSize: 3000 is larger than image-dimension: 865x1032
2026-09-27 00:58:07.234026-0700 Paperloft Receipts[19833:1506890] [Paperloft Receipts] createThumbnailAtIndex:2615: *** ERROR: kCGImageSourceThumbnailMaxPixelSize: 3000 is larger than image-dimension: 1180x950
2026-09-27 00:58:08.057669-0700 Paperloft Receipts[19833:1506891] [Paperloft Receipts] createThumbnailAtIndex:2615: *** ERROR: kCGImageSourceThumbnailMaxPixelSize: 3000 is larger than image-dimension: 1096x992
2026-09-27 00:58:08.848851-0700 Paperloft Receipts[19833:1506789] [Paperloft Receipts] createThumbnailAtIndex:2615: *** ERROR: kCGImageSourceThumbnailMaxPixelSize: 3000 is larger than image-dimension: 1120x2052
2026-09-27 00:58:09.641531-0700 Paperloft Receipts[19833:1506560] [Paperloft Receipts] createThumbnailAtIndex:2615: *** ERROR: kCGImageSourceThumbnailMaxPixelSize: 3000 is larger than image-dimension: 1136x1030
2026-09-27 00:58:10.460287-0700 Paperloft Receipts[19833:1506670] [Paperloft Receipts] createThumbnailAtIndex:2615: *** ERROR: kCGImageSourceThumbnailMaxPixelSize: 3000 is larger than image-dimension: 1200x988
2026-09-27 00:58:11.214619-0700 Paperloft Receipts[19833:1506889] [Paperloft Receipts] createThumbnailAtIndex:2615: *** ERROR: kCGImageSourceThumbnailMaxPixelSize: 3000 is larger than image-dimension: 1369x1037
2026-09-27 00:58:12.033354-0700 Paperloft Receipts[19833:1506545] [Paperloft Receipts] createThumbnailAtIndex:2615: *** ERROR: kCGImageSourceThumbnailMaxPixelSize: 3000 is larger than image-dimension: 920x2488
2026-09-27 00:58:12.806666-0700 Paperloft Receipts[19833:1506787] [Paperloft Receipts] createThumbnailAtIndex:2615: *** ERROR: kCGImageSourceThumbnailMaxPixelSize: 3000 is larger than image-dimension: 971x1061
2026-09-27 00:58:13.607094-0700 Paperloft Receipts[19833:1506889] [Paperloft Receipts] createThumbnailAtIndex:2615: *** ERROR: kCGImageSourceThumbnailMaxPixelSize: 3000 is larger than image-dimension: 1000x988
2026-09-27 00:58:14.345413-0700 Paperloft Receipts[19833:1506892] [Paperloft Receipts] createThumbnailAtIndex:2615: *** ERROR: kCGImageSourceThumbnailMaxPixelSize: 3000 is larger than image-dimension: 813x1006
2026-09-27 00:58:15.936053-0700 Paperloft Receipts[19833:1506487] [Paperloft Receipts] createThumbnailAtIndex:2615: *** ERROR: kCGImageSourceThumbnailMaxPixelSize: 3000 is larger than image-dimension: 834x1044
2026-09-27 00:58:16.704290-0700 Paperloft Receipts[19833:1506889] [Paperloft Receipts] createThumbnailAtIndex:2615: *** ERROR: kCGImageSourceThumbnailMaxPixelSize: 3000 is larger than image-dimension: 1180x988
2026-09-27 00:58:17.494381-0700 Paperloft Receipts[19833:1508503] [Paperloft Receipts] createThumbnailAtIndex:2615: *** ERROR: kCGImageSourceThumbnailMaxPixelSize: 3000 is larger than image-dimension: 1114x1049
2026-09-27 00:58:18.297301-0700 Paperloft Receipts[19833:1506560] [Paperloft Receipts] createThumbnailAtIndex:2615: *** ERROR: kCGImageSourceThumbnailMaxPixelSize: 3000 is larger than image-dimension: 1120x1976
2026-09-27 00:58:19.095966-0700 Paperloft Receipts[19833:1507654] [Paperloft Receipts] createThumbnailAtIndex:2615: *** ERROR: kCGImageSourceThumbnailMaxPixelSize: 3000 is larger than image-dimension: 1153x1012
2026-09-27 00:58:19.882926-0700 Paperloft Receipts[19833:1506560] [Paperloft Receipts] createThumbnailAtIndex:2615: *** ERROR: kCGImageSourceThumbnailMaxPixelSize: 3000 is larger than image-dimension: 1200x950
2026-09-27 00:58:20.723229-0700 Paperloft Receipts[19833:1507654] [Default] Error occured with connection: Error Domain=NSCocoaErrorDomain Code=4097 "connection to service with pid 19844 named com.apple.metricmeasurement.MetricMeasurementHelper" UserInfo={NSDebugDescription=connection to service with pid 19844 named com.apple.metricmeasurement.MetricMeasurementHelper}. Nilling the manager.
PAPERLOFT_PERFORMANCE {"lifetimePeakPhysicalBytes":447317600,"seconds":16.4083132083324,"synchronousIntakeSeconds":0.005697250002413057,"iteration":1,"inputCount":100,"recordedBackends":{"parser":100},"finalLayoutSeconds":0.00023220833099912852,"longestGapEndedAtSeconds":0.7224812916610972,"heartbeatCount":1161,"maximumMainHeartbeatGapSeconds":0.17728216666728258,"backend":"parser","completed":100,"persistedCompleted":100,"priorInboxCount":0,"memoryReadFailures":0,"failures":[]}
PERFORMANCE_SETUP clearing temporary inbox records: 100
2026-09-27 00:58:21.677031-0700 Paperloft Receipts[19833:1508505] [Paperloft Receipts] createThumbnailAtIndex:2615: *** ERROR: kCGImageSourceThumbnailMaxPixelSize: 3000 is larger than image-dimension: 830x1018
2026-09-27 00:58:21.942359-0700 Paperloft Receipts[19833:1506488] [Paperloft Receipts] createThumbnailAtIndex:2615: *** ERROR: kCGImageSourceThumbnailMaxPixelSize: 1800 is larger than image-dimension: 830x1018
2026-09-27 00:58:22.001577-0700 Paperloft Receipts[19833:1506488] [Paperloft Receipts] createThumbnailAtIndex:2615: *** ERROR: kCGImageSourceThumbnailMaxPixelSize: 1800 is larger than image-dimension: 830x1018
2026-09-27 00:58:22.101278-0700 Paperloft Receipts[19833:1508505] [Paperloft Receipts] createThumbnailAtIndex:2615: *** ERROR: kCGImageSourceThumbnailMaxPixelSize: 1800 is larger than image-dimension: 830x1018
2026-09-27 00:58:22.110931-0700 Paperloft Receipts[19833:1506488] [Paperloft Receipts] createThumbnailAtIndex:2615: *** ERROR: kCGImageSourceThumbnailMaxPixelSize: 1800 is larger than image-dimension: 830x1018
2026-09-27 00:58:23.573087-0700 Paperloft Receipts[19833:1506540] [Paperloft Receipts] createThumbnailAtIndex:2615: *** ERROR: kCGImageSourceThumbnailMaxPixelSize: 3000 is larger than image-dimension: 865x1032
2026-09-27 00:58:24.329071-0700 Paperloft Receipts[19833:1506790] [Paperloft Receipts] createThumbnailAtIndex:2615: *** ERROR: kCGImageSourceThumbnailMaxPixelSize: 3000 is larger than image-dimension: 1180x950
2026-09-27 00:58:25.149907-0700 Paperloft Receipts[19833:1508504] [Paperloft Receipts] createThumbnailAtIndex:2615: *** ERROR: kCGImageSourceThumbnailMaxPixelSize: 3000 is larger than image-dimension: 1096x992
2026-09-27 00:58:25.936687-0700 Paperloft Receipts[19833:1506890] [Paperloft Receipts] createThumbnailAtIndex:2615: *** ERROR: kCGImageSourceThumbnailMaxPixelSize: 3000 is larger than image-dimension: 1120x2052
2026-09-27 00:58:26.746468-0700 Paperloft Receipts[19833:1509307] [Paperloft Receipts] createThumbnailAtIndex:2615: *** ERROR: kCGImageSourceThumbnailMaxPixelSize: 3000 is larger than image-dimension: 1136x1030
2026-09-27 00:58:27.557631-0700 Paperloft Receipts[19833:1509307] [Paperloft Receipts] createThumbnailAtIndex:2615: *** ERROR: kCGImageSourceThumbnailMaxPixelSize: 3000 is larger than image-dimension: 1200x988
2026-09-27 00:58:28.323217-0700 Paperloft Receipts[19833:1506890] [Paperloft Receipts] createThumbnailAtIndex:2615: *** ERROR: kCGImageSourceThumbnailMaxPixelSize: 3000 is larger than image-dimension: 1369x1037
2026-09-27 00:58:29.152893-0700 Paperloft Receipts[19833:1506488] [Paperloft Receipts] createThumbnailAtIndex:2615: *** ERROR: kCGImageSourceThumbnailMaxPixelSize: 3000 is larger than image-dimension: 920x2488
2026-09-27 00:58:29.933025-0700 Paperloft Receipts[19833:1509307] [Paperloft Receipts] createThumbnailAtIndex:2615: *** ERROR: kCGImageSourceThumbnailMaxPixelSize: 3000 is larger than image-dimension: 971x1061
2026-09-27 00:58:30.748948-0700 Paperloft Receipts[19833:1509306] [Paperloft Receipts] createThumbnailAtIndex:2615: *** ERROR: kCGImageSourceThumbnailMaxPixelSize: 3000 is larger than image-dimension: 1000x988
2026-09-27 00:58:31.482711-0700 Paperloft Receipts[19833:1506894] [Paperloft Receipts] createThumbnailAtIndex:2615: *** ERROR: kCGImageSourceThumbnailMaxPixelSize: 3000 is larger than image-dimension: 813x1006
2026-09-27 00:58:33.076875-0700 Paperloft Receipts[19833:1506543] [Paperloft Receipts] createThumbnailAtIndex:2615: *** ERROR: kCGImageSourceThumbnailMaxPixelSize: 3000 is larger than image-dimension: 834x1044
2026-09-27 00:58:33.845833-0700 Paperloft Receipts[19833:1509307] [Paperloft Receipts] createThumbnailAtIndex:2615: *** ERROR: kCGImageSourceThumbnailMaxPixelSize: 3000 is larger than image-dimension: 1180x988
2026-09-27 00:58:34.667977-0700 Paperloft Receipts[19833:1506889] [Paperloft Receipts] createThumbnailAtIndex:2615: *** ERROR: kCGImageSourceThumbnailMaxPixelSize: 3000 is larger than image-dimension: 1114x1049
2026-09-27 00:58:35.488319-0700 Paperloft Receipts[19833:1509306] [Paperloft Receipts] createThumbnailAtIndex:2615: *** ERROR: kCGImageSourceThumbnailMaxPixelSize: 3000 is larger than image-dimension: 1120x1976
2026-09-27 00:58:36.310140-0700 Paperloft Receipts[19833:1506545] [Paperloft Receipts] createThumbnailAtIndex:2615: *** ERROR: kCGImageSourceThumbnailMaxPixelSize: 3000 is larger than image-dimension: 1153x1012
2026-09-27 00:58:37.107092-0700 Paperloft Receipts[19833:1506889] [Paperloft Receipts] createThumbnailAtIndex:2615: *** ERROR: kCGImageSourceThumbnailMaxPixelSize: 3000 is larger than image-dimension: 1200x950
2026-09-27 00:58:37.952011-0700 Paperloft Receipts[19833:1509307] [Default] Error occured with connection: Error Domain=NSCocoaErrorDomain Code=4097 "connection to service with pid 19948 named com.apple.metricmeasurement.MetricMeasurementHelper" UserInfo={NSDebugDescription=connection to service with pid 19948 named com.apple.metricmeasurement.MetricMeasurementHelper}. Nilling the manager.
PAPERLOFT_PERFORMANCE {"lifetimePeakPhysicalBytes":452134640,"persistedCompleted":100,"failures":[],"seconds":16.435588124993956,"recordedBackends":{"parser":100},"backend":"parser","longestGapEndedAtSeconds":0.5660062083334196,"heartbeatCount":1165,"completed":100,"priorInboxCount":0,"inputCount":100,"maximumMainHeartbeatGapSeconds":0.22492695833352627,"synchronousIntakeSeconds":0.006857083331851754,"iteration":2,"memoryReadFailures":0,"finalLayoutSeconds":0.00013150000449968502}
/Users/builder/Factory/paperloft-performance/Tests/PaperloftPerformanceTests/PipelinePerformanceTests.swift:48: Test Case '-[PaperloftPerformanceTests.PipelinePerformanceTests test100MixedDocuments]' measured [Memory Peak Physical, kB] average: 452134.640, relative standard deviation: 0.000%, values: [452134.640000], performanceMetricID:com.apple.dt.XCTMetric_Memory.physical_peak, baselineName: "", baselineAverage: , polarity: prefers smaller, maxPercentRegression: 10.000%, maxPercentRelativeStandardDeviation: 10.000%, maxRegression: 0.000, maxStandardDeviation: 0.000
/Users/builder/Factory/paperloft-performance/Tests/PaperloftPerformanceTests/PipelinePerformanceTests.swift:48: Test Case '-[PaperloftPerformanceTests.PipelinePerformanceTests test100MixedDocuments]' measured [Memory Physical, kB] average: 50626.608, relative standard deviation: 0.000%, values: [50626.608000], performanceMetricID:com.apple.dt.XCTMetric_Memory.physical, baselineName: "", baselineAverage: , polarity: prefers smaller, maxPercentRegression: 10.000%, maxPercentRelativeStandardDeviation: 10.000%, maxRegression: 0.000, maxStandardDeviation: 0.000
/Users/builder/Factory/paperloft-performance/Tests/PaperloftPerformanceTests/PipelinePerformanceTests.swift:48: Test Case '-[PaperloftPerformanceTests.PipelinePerformanceTests test100MixedDocuments]' measured [Clock Monotonic Time, s] average: 16.173, relative standard deviation: 0.000%, values: [16.172651], performanceMetricID:com.apple.dt.XCTMetric_Clock.time.monotonic, baselineName: "", baselineAverage: , polarity: prefers smaller, maxPercentRegression: 10.000%, maxPercentRelativeStandardDeviation: 10.000%, maxRegression: 0.000, maxStandardDeviation: 0.000
Test Case '-[PaperloftPerformanceTests.PipelinePerformanceTests test100MixedDocuments]' passed (34.773 seconds).
Test Case '-[PaperloftPerformanceTests.PipelinePerformanceTests testSamplerDetectsBlockedMainThread]' started.
Test Case '-[PaperloftPerformanceTests.PipelinePerformanceTests testSamplerDetectsBlockedMainThread]' passed (0.403 seconds).
Test Suite 'PipelinePerformanceTests' passed at 2026-09-27 00:58:38.881.
	 Executed 2 tests, with 0 failures (0 unexpected) in 35.176 (35.177) seconds
Test Suite 'PaperloftPerformanceTests.xctest' passed at 2026-09-27 00:58:38.881.
	 Executed 2 tests, with 0 failures (0 unexpected) in 35.176 (35.177) seconds
Test Suite 'All tests' passed at 2026-09-27 00:58:38.882.
	 Executed 2 tests, with 0 failures (0 unexpected) in 35.176 (35.178) seconds
2026-09-27 00:58:39.179 xcodebuild[19807:1506205]  IDETestOperationsObserverDebug: Failure collecting logarchive: Error Domain=OSLogErrorDomain Code=13 "Log archive creation failed with error 13, warnings during creation: failed to read version.plist
" UserInfo={NSLocalizedDescription=Log archive creation failed with error 13, warnings during creation: failed to read version.plist
}
2026-09-27 00:58:39.190 xcodebuild[19807:1506133] [MT] IDETestOperationsObserverDebug: 36.852 elapsed -- Testing started completed.
2026-09-27 00:58:39.190 xcodebuild[19807:1506133] [MT] IDETestOperationsObserverDebug: 0.000 sec, +0.000 sec -- start
2026-09-27 00:58:39.190 xcodebuild[19807:1506133] [MT] IDETestOperationsObserverDebug: 36.852 sec, +36.852 sec -- end

Test session results, code coverage, and logs:
	/Users/builder/Factory/paperloft-performance/build/Performance-parser-20260927T075752Z.xcresult

** TEST SUCCEEDED **

Testing started
Captured 2 pipeline reports. XCTest result remains authoritative.
Recorded XCTest metrics: Memory Peak Physical, Memory Physical, Clock Monotonic Time
FAIL: required metric evidence missing: UnderstandInboxBatch
/Users/builder/Factory/paperloft-performance/Tests/PaperloftPerformanceTests/PipelinePerformanceTests.swift:130: warning: -[PaperloftPerformanceTests.PipelinePerformanceTests test100MixedDocuments] : [Internal] Thread running at User-interactive quality-of-service class waiting on a lower QoS thread running at Default quality-of-service class. Investigate ways to avoid priority inversions
Local diagnostic exit 1; evidence: evidence/performance/parser-20260927T075752Z
