Packages/PaperloftKit/Tests/PaperloftKitTests/ReceiptTests.swift: OK
Tests/PaperloftUITests/NavigationTests.swift: OK
Packages/PaperloftKit/Tests/PaperloftKitTests/ExtractionTests.swift: OK
Tests/Fixtures/labels.jsonl: OK
Tests/Fixtures/document-001.jpg: OK
Tests/Fixtures/document-002.png: OK
Tests/Fixtures/document-003.jpg: OK
Tests/Fixtures/document-004.png: OK
Tests/Fixtures/document-005.jpg: OK
Tests/Fixtures/document-006.png: OK
Tests/Fixtures/document-007.jpg: OK
Tests/Fixtures/document-008.png: OK
Tests/Fixtures/document-009.jpg: OK
Tests/Fixtures/document-010.png: OK
Tests/Fixtures/document-011.jpg: OK
Tests/Fixtures/document-012.png: OK
Tests/Fixtures/document-013.jpg: OK
Tests/Fixtures/document-014.png: OK
Tests/Fixtures/document-015.jpg: OK
Tests/Fixtures/document-016.png: OK
Tests/Fixtures/document-017.jpg: OK
Tests/Fixtures/document-018.png: OK
Tests/Fixtures/document-019.jpg: OK
Tests/Fixtures/document-020.png: OK
Tests/Fixtures/document-021.jpg: OK
Tests/Fixtures/document-022.png: OK
Tests/Fixtures/document-023.jpg: OK
Tests/Fixtures/document-024.png: OK
Tests/Fixtures/document-025.jpg: OK
Tests/Fixtures/document-026.png: OK
Tests/Fixtures/document-027.jpg: OK
Tests/Fixtures/document-028.png: OK
Tests/Fixtures/document-029.jpg: OK
Tests/Fixtures/document-030.png: OK
Tests/Fixtures/document-031.jpg: OK
Tests/Fixtures/document-032.png: OK
Tests/Fixtures/document-033.jpg: OK
Tests/Fixtures/document-034.png: OK
Tests/Fixtures/document-035.jpg: OK
Tests/Fixtures/document-036.png: OK
Tests/Fixtures/document-037.jpg: OK
Tests/Fixtures/document-038.png: OK
Tests/Fixtures/document-039.jpg: OK
Tests/Fixtures/document-040.png: OK
Tests/Fixtures/document-041.jpg: OK
Tests/Fixtures/document-042.png: OK
Tests/Fixtures/document-043.jpg: OK
Tests/Fixtures/document-044.png: OK
Tests/Fixtures/document-045.jpg: OK
Tests/Fixtures/document-046.png: OK
Tests/Fixtures/document-047.jpg: OK
Tests/Fixtures/document-048.png: OK
Tests/Fixtures/document-049.jpg: OK
Tests/Fixtures/document-050.png: OK
Tests/Fixtures/document-051.jpg: OK
Tests/Fixtures/document-052.png: OK
Tests/Fixtures/document-053.jpg: OK
Tests/Fixtures/document-054.png: OK
Tests/Fixtures/document-055.jpg: OK
Tests/Fixtures/document-056.png: OK
Tests/Fixtures/document-057.jpg: OK
Tests/Fixtures/document-058.png: OK
Tests/Fixtures/document-059.jpg: OK
Tests/Fixtures/document-060.png: OK
Tests/Fixtures/document-061.jpg: OK
Tests/Fixtures/document-062.png: OK
Tests/Fixtures/document-063.jpg: OK
Tests/Fixtures/document-064.png: OK
Tests/Fixtures/document-065.jpg: OK
Tests/Fixtures/document-066.png: OK
Tests/Fixtures/document-067.jpg: OK
Tests/Fixtures/document-068.png: OK
Tests/Fixtures/document-069.jpg: OK
Tests/Fixtures/document-070.png: OK
Tests/Fixtures/document-071.jpg: OK
Tests/Fixtures/document-072.png: OK
Tests/Fixtures/document-073.jpg: OK
Tests/Fixtures/document-074.png: OK
Tests/Fixtures/document-075.jpg: OK
Tests/Fixtures/document-076.png: OK
Tests/Fixtures/document-077.jpg: OK
Tests/Fixtures/document-078.png: OK
Tests/Fixtures/document-079.jpg: OK
Tests/Fixtures/document-080.png: OK
Tests/Fixtures/document-081.jpg: OK
Tests/Fixtures/document-082.png: OK
Tests/Fixtures/document-083.jpg: OK
Tests/Fixtures/document-084.png: OK
Tests/Fixtures/document-085.jpg: OK
Tests/Fixtures/document-086.png: OK
Tests/Fixtures/document-087.jpg: OK
Tests/Fixtures/document-088.png: OK
Tests/Fixtures/document-089.jpg: OK
Tests/Fixtures/document-090.png: OK
Tests/Fixtures/document-091.jpg: OK
Tests/Fixtures/document-092.png: OK
Tests/Fixtures/document-093.jpg: OK
Tests/Fixtures/document-094.png: OK
Tests/Fixtures/document-095.jpg: OK
Tests/Fixtures/document-096.png: OK
Tests/Fixtures/document-097.jpg: OK
Tests/Fixtures/document-098.png: OK
Tests/Fixtures/document-099.jpg: OK
Tests/Fixtures/document-100.png: OK
Tests/Fixtures/document-101.jpg: OK
Tests/Fixtures/document-102.png: OK
Tests/Fixtures/document-103.jpg: OK
Tests/Fixtures/document-104.png: OK
Tests/Fixtures/document-105.jpg: OK
Tests/Fixtures/document-106.png: OK
Tests/Fixtures/document-107.jpg: OK
Tests/Fixtures/document-108.png: OK
Tests/Fixtures/document-109.jpg: OK
Tests/Fixtures/document-110.png: OK
Tests/Fixtures/document-111.jpg: OK
Tests/Fixtures/document-112.png: OK
Tests/Fixtures/document-113.jpg: OK
Tests/Fixtures/document-114.png: OK
Tests/Fixtures/document-115.jpg: OK
Tests/Fixtures/document-116.png: OK
Tests/Fixtures/document-117.jpg: OK
Tests/Fixtures/document-118.png: OK
Tests/Fixtures/document-119.jpg: OK
Tests/Fixtures/document-120.png: OK
Tests/Fixtures/document-121.jpg: OK
Tests/Fixtures/document-122.png: OK
Tests/Fixtures/document-123.jpg: OK
Tests/Fixtures/document-124.png: OK
Tests/Fixtures/document-125.jpg: OK
Tests/Fixtures/document-126.png: OK
Tests/Fixtures/document-127.jpg: OK
Tests/Fixtures/document-128.png: OK
Tests/Fixtures/document-129.jpg: OK
Tests/Fixtures/document-130.png: OK
Tests/Fixtures/document-131.jpg: OK
Tests/Fixtures/document-132.png: OK
Tests/Fixtures/document-133.jpg: OK
Tests/Fixtures/document-134.png: OK
Tests/Fixtures/document-135.jpg: OK
Tests/Fixtures/document-136.png: OK
Tests/Fixtures/document-137.jpg: OK
Tests/Fixtures/document-138.png: OK
Tests/Fixtures/document-139.jpg: OK
Tests/Fixtures/document-140.png: OK
Tests/Fixtures/document-141.jpg: OK
Tests/Fixtures/document-142.png: OK
Tests/Fixtures/document-143.jpg: OK
Tests/Fixtures/document-144.png: OK
Tests/Fixtures/document-145.jpg: OK
Tests/Fixtures/document-146.png: OK
Tests/Fixtures/document-147.jpg: OK
Tests/Fixtures/document-148.png: OK
Tests/Fixtures/document-149.jpg: OK
Tests/Fixtures/document-150.png: OK
PASS: pre-tag protected files and existing hashes. Formal acceptance baseline is still deferred.
