Building for debugging...
[Planning deferred tasks]
[23 / 38]
[24 / 39] PaperloftKit
[34 / 129]
[37 / 129]
[45 / 129]
[47 / 129]
[48 / 129]
[55 / 129]
[57 / 129]
[60 / 129]
[66 / 129]
[69 / 129]
[71 / 129]
[72 / 129]
[86 / 129]
[87 / 129]
[89 / 129]
[94 / 129]
[100 / 129]
[101 / 129]
[103 / 129]
[114 / 129] PaperloftKit
[115 / 129] PaperloftKit
[123 / 130] PaperloftKit
[123 / 130] IndependentExport-product
[133 / 211]
[134 / 211]
[140 / 211]
[145 / 211]
[149 / 211]
[156 / 211]
[158 / 211]
[161 / 211]
[167 / 211]
[170 / 211]
[172 / 211]
[173 / 211]
[187 / 211]
[188 / 211]
[190 / 211]
[195 / 211]
[201 / 211]
[202 / 211]
[204 / 211]
[206 / 211] IndependentExport-product
[207 / 211] IndependentExport-product
[209 / 211] IndependentExport-product
Build complete! (12.16 sec)
